C:\Program Files\System Centroid\Flowrian R7\Library\PNULib\sources\PNU_AND2.v= PNU_AND2
C:\Program Files\System Centroid\Flowrian R7\Library\PNULib\sources\PNU_AND3.v= PNU_AND3
C:\Program Files\System Centroid\Flowrian R7\Library\PNULib\sources\PNU_AND4.v= PNU_AND4
C:\Program Files\System Centroid\Flowrian R7\Library\PNULib\sources\PNU_AND8.v= PNU_AND8
C:\Program Files\System Centroid\Flowrian R7\Library\PNULib\sources\PNU_BUF.v= PNU_BUF
C:\Program Files\System Centroid\Flowrian R7\Library\PNULib\sources\PNU_DFF.v= PNU_DFF
C:\Program Files\System Centroid\Flowrian R7\Library\PNULib\sources\PNU_DFF_Ce.v= PNU_DFF_Ce
C:\Program Files\System Centroid\Flowrian R7\Library\PNULib\sources\PNU_JKFF.v= PNU_JKFF
C:\Program Files\System Centroid\Flowrian R7\Library\PNULib\sources\PNU_MUX2.v= PNU_MUX2
C:\Program Files\System Centroid\Flowrian R7\Library\PNULib\sources\PNU_MUX4.v= PNU_MUX4
C:\Program Files\System Centroid\Flowrian R7\Library\PNULib\sources\PNU_MUX8.v= PNU_MUX8
C:\Program Files\System Centroid\Flowrian R7\Library\PNULib\sources\PNU_NAND2.v= PNU_NAND2
C:\Program Files\System Centroid\Flowrian R7\Library\PNULib\sources\PNU_NAND3.v= PNU_NAND3
C:\Program Files\System Centroid\Flowrian R7\Library\PNULib\sources\PNU_NAND4.v= PNU_NAND4
C:\Program Files\System Centroid\Flowrian R7\Library\PNULib\sources\PNU_NAND8.v= PNU_NAND8
C:\Program Files\System Centroid\Flowrian R7\Library\PNULib\sources\PNU_NOR2.v= PNU_NOR2
C:\Program Files\System Centroid\Flowrian R7\Library\PNULib\sources\PNU_NOR3.v= PNU_NOR3
C:\Program Files\System Centroid\Flowrian R7\Library\PNULib\sources\PNU_NOR4.v= PNU_NOR4
C:\Program Files\System Centroid\Flowrian R7\Library\PNULib\sources\PNU_NOR8.v= PNU_NOR8
C:\Program Files\System Centroid\Flowrian R7\Library\PNULib\sources\PNU_NOT.v= PNU_NOT
C:\Program Files\System Centroid\Flowrian R7\Library\PNULib\sources\PNU_ONE.v= PNU_ONE
C:\Program Files\System Centroid\Flowrian R7\Library\PNULib\sources\PNU_OR2.v= PNU_OR2
C:\Program Files\System Centroid\Flowrian R7\Library\PNULib\sources\PNU_OR3.v= PNU_OR3
C:\Program Files\System Centroid\Flowrian R7\Library\PNULib\sources\PNU_OR4.v= PNU_OR4
C:\Program Files\System Centroid\Flowrian R7\Library\PNULib\sources\PNU_OR8.v= PNU_OR8
C:\Program Files\System Centroid\Flowrian R7\Library\PNULib\sources\PNU_SRAM.v= PNU_SRAM
C:\Program Files\System Centroid\Flowrian R7\Library\PNULib\sources\PNU_TBUF.v= PNU_TBUF
C:\Program Files\System Centroid\Flowrian R7\Library\PNULib\sources\PNU_XNOR2.v= PNU_XNOR2
C:\Program Files\System Centroid\Flowrian R7\Library\PNULib\sources\PNU_XNOR3.v= PNU_XNOR3
C:\Program Files\System Centroid\Flowrian R7\Library\PNULib\sources\PNU_XNOR4.v= PNU_XNOR4
C:\Program Files\System Centroid\Flowrian R7\Library\PNULib\sources\PNU_XOR2.v= PNU_XOR2
C:\Program Files\System Centroid\Flowrian R7\Library\PNULib\sources\PNU_XOR3.v= PNU_XOR3
C:\Program Files\System Centroid\Flowrian R7\Library\PNULib\sources\PNU_XOR4.v= PNU_XOR4
C:\Program Files\System Centroid\Flowrian R7\Library\PNULib\sources\PNU_ZERO.v= PNU_ZERO
C:\Users\cse\Desktop\LaunchPad-Term-Project-\Flowrian\Decoder4bits.v= Decoder4bits
C:\Users\cse\Desktop\LaunchPad-Term-Project-\Flowrian\Decoder4bits_tb.v= Decoder4bits_tb
C:\Users\cse\Desktop\LaunchPad-Term-Project-\Flowrian\Mux12_4_4.v= Mux12_4_4
C:\Users\cse\Desktop\LaunchPad-Term-Project-\Flowrian\Mux12_4_4_tb.v= Mux12_4_4_tb
C:\Users\cse\Desktop\LaunchPad-Term-Project-\Flowrian\MUX4bit_4_tb.v= MUX4bit_4_tb
C:\Users\cse\Desktop\LaunchPad-Term-Project-\Flowrian\MUX4bit_16.v= MUX4bit_16
C:\Users\cse\Desktop\LaunchPad-Term-Project-\Flowrian\MUX4bit_16_tb.v= MUX4bit_16_tb
C:\Users\cse\Desktop\LaunchPad-Term-Project-\Flowrian\SRAM12bits.v= SRAM12bits
C:\Users\cse\Desktop\LaunchPad-Term-Project-\Flowrian\SRAM12bits_tb.v= SRAM12bits_tb
C:\Users\cse\Desktop\LaunchPad-Term-Project-\Flowrian\LaunchPad.v= LaunchPad
C:\Users\cse\Desktop\LaunchPad-Term-Project-\Flowrian\LaunchPad_tb.v= LaunchPad_tb
C:\Users\cse\Desktop\LaunchPad-Term-Project-\Flowrian\mod_converter.v= mod_converter
C:\Users\cse\Desktop\LaunchPad-Term-Project-\Flowrian\PianoPlay_tb.v= PianoPlay_tb
C:\Users\cse\Desktop\LaunchPad-Term-Project-\Flowrian\Add_two_decimal_to_5bit_binary.v= Add_two_decimal_to_5bit_binary
C:\Users\cse\Desktop\LaunchPad-Term-Project-\Flowrian\AddTwoDec.v= AddTwoDec
C:\Users\cse\Desktop\LaunchPad-Term-Project-\Flowrian\Compare_2bit.v= Compare_2bit
C:\Users\cse\Desktop\LaunchPad-Term-Project-\Flowrian\Compare_4bit.v= Compare_4bit
C:\Users\cse\Desktop\LaunchPad-Term-Project-\Flowrian\Counter10.v= Counter10
C:\Users\cse\Desktop\LaunchPad-Term-Project-\Flowrian\Counter100.v= Counter100
C:\Users\cse\Desktop\LaunchPad-Term-Project-\Flowrian\Decoder2bit.v= Decoder2bit
C:\Users\cse\Desktop\LaunchPad-Term-Project-\Flowrian\Decoder3bit.v= Decoder3bit
C:\Users\cse\Desktop\LaunchPad-Term-Project-\Flowrian\DFlipflop.v= DFlipflop
C:\Users\cse\Desktop\LaunchPad-Term-Project-\Flowrian\DFlipflopCE.v= DFlipflopCE
C:\Users\cse\Desktop\LaunchPad-Term-Project-\Flowrian\DigitToShiftRegister.v= DigitToShiftRegister
C:\Users\cse\Desktop\LaunchPad-Term-Project-\Flowrian\eight_counter.v= eight_counter
C:\Users\cse\Desktop\LaunchPad-Term-Project-\Flowrian\Encode_decimal_to_binary.v= Encode_decimal_to_binary
C:\Users\cse\Desktop\LaunchPad-Term-Project-\Flowrian\FullAdder.v= FullAdder
C:\Users\cse\Desktop\LaunchPad-Term-Project-\Flowrian\FullColorTest.v= FullColorTest
C:\Users\cse\Desktop\LaunchPad-Term-Project-\Flowrian\HalfAdder.v= HalfAdder
C:\Users\cse\Desktop\LaunchPad-Term-Project-\Flowrian\LevelToPulse.v= LevelToPulse
C:\Users\cse\Desktop\LaunchPad-Term-Project-\Flowrian\LogicTest.v= LogicTest
C:\Users\cse\Desktop\LaunchPad-Term-Project-\Flowrian\MUX4bit_4.v= MUX4bit_4
C:\Users\cse\Desktop\LaunchPad-Term-Project-\Flowrian\PiezoTest.v= PiezoTest
C:\Users\cse\Desktop\LaunchPad-Term-Project-\Flowrian\PiezoTest_tb.v= PiezoTest_tb
C:\Users\cse\Desktop\LaunchPad-Term-Project-\Flowrian\PNU_CLK_DIV.v= PNU_CLK_DIV
C:\Users\cse\Desktop\LaunchPad-Term-Project-\Flowrian\register.v= register
C:\Users\cse\Desktop\LaunchPad-Term-Project-\Flowrian\Register4bit.v= Register4bit
C:\Users\cse\Desktop\LaunchPad-Term-Project-\Flowrian\Register5bit.v= Register5bit
C:\Users\cse\Desktop\LaunchPad-Term-Project-\Flowrian\RightShiftRegister.v= RightShiftRegister
C:\Users\cse\Desktop\LaunchPad-Term-Project-\Flowrian\Ripple_carray_adder_4bit.v= Ripple_carray_adder_4bit
C:\Users\cse\Desktop\LaunchPad-Term-Project-\Flowrian\seven_segment.v= seven_segment
C:\Users\cse\Desktop\LaunchPad-Term-Project-\Flowrian\SevenSegments.v= SevenSegments
C:\Users\cse\Desktop\LaunchPad-Term-Project-\Flowrian\shift_register.v= shift_register
C:\Users\cse\Desktop\LaunchPad-Term-Project-\Flowrian\Shift4bitRegister.v= Shift4bitRegister
C:\Users\cse\Desktop\LaunchPad-Term-Project-\Flowrian\SRAM4.v= SRAM4
C:\Users\cse\Desktop\LaunchPad-Term-Project-\Flowrian\StepMotor.v= StepMotor
C:\Users\cse\Desktop\LaunchPad-Term-Project-\Flowrian\StepMotor_tb.v= StepMotor_tb
C:\Users\cse\Desktop\LaunchPad-Term-Project-\Flowrian\Mux12bit_4.v= Mux12bit_4
C:\Users\cse\Desktop\LaunchPad-Term-Project-\Flowrian\Mux12bit_4_tb.v= Mux12bit_4_tb
C:\Users\cse\Desktop\LaunchPad-Term-Project-\Flowrian\ToneConverter.v= ToneConverter
C:\Users\cse\Desktop\LaunchPad-Term-Project-\Flowrian\ToneConverter_tb.v= ToneConverter_tb
C:\Users\cse\Desktop\LaunchPad-Term-Project-\Flowrian\regiset_12bits.v= regiset_12bits
C:\Users\cse\Desktop\LaunchPad-Term-Project-\Flowrian\Accumulator.v= Accumulator
C:\Users\cse\Desktop\LaunchPad-Term-Project-\Flowrian\Accumulator_tb.v= Accumulator_tb
C:\Users\cse\Desktop\LaunchPad-Term-Project-\Flowrian\encoder_12_to_4.v= encoder_12_to_4
C:\Users\cse\Desktop\LaunchPad-Term-Project-\Flowrian\PianoPlay.v= PianoPlay
